GAMS 40.3.0  f227c22a Sep 16, 2022          LEX-LEG x86 64bit/Linux - 10/14/22 21:23:48 Page 1
G e n e r a l   A l g e b r a i c   M o d e l i n g   S y s t e m
C o m p i l a t i o n


   1  sets
   2  i   canning plants
   3  j   markets
   4  ;
   5   
   6  Parameters
   7  a(i)    capacity of plant i in cases
   8  b(j)    demand at market j in cases
   9  d(i,j)  distance in thousand miles;
  10   
  11  Scalar f    freight in dollars per thousand miles;
  12   
  13  **if (not set gdxincname), abort 'no include file name for data file provided';
  14   
  15   
**** File: /home/norman/Schreibtisch/GAMS/GamsJava/models/gdxincname.gdx
**** Msg : No such file or directory
  16  $gdxIn gdxincname
****                  $510
**** 510  Unable to open gdx file for $GDXIN
  17  $load i j a b d f
****      $502
**** 502  GDXIN  file not open - ignore rest of line
  19   
  20  Parameter c(i,j)    transport cost in thousand of dollars per case ;
  21  c(i,j) = f * d(i,j) / 1000;
****    $352,352,141,141,352,352
**** 141  Symbol declared but no values have been assigned. Check for missing
****         data definition, assignment, data loading or implicit assignment
****         via a solve statement.
****         A wild shot: You may have spurious commas in the explanatory
****         text of a declaration. Check symbol reference list.
**** 352  Set has not been initialized
  22   
  23  Variables
  24  x(i,j)  shipment quantities in cases
  25  z   total transportation costs in thousand of dollars
  26  ;
  27   
  28  Positive Variable
  29  x;
  30   
  31  Equations
  32  cost    define objective function
  33  supply(i)   observe supply limit at plant i
  34  demand(j)   satisfy demand at market j;
  35   
  36  cost.. z=E=sum((i,j), c(i,j)*x(i,j));
  37  supply(i).. sum(j, x(i,j)) =L= a(i);
  38  demand(j).. sum(i, x(i,j)) =G= b(j);
  39   
  40  model transport /all/;
  41  solve transport using lp minimizing z;
****                                       $257
**** 257  Solve statement not checked because of previous errors
  42  display x.l, x.m;
****            $141
**** 141  Symbol declared but no values have been assigned. Check for missing
****         data definition, assignment, data loading or implicit assignment
****         via a solve statement.
****         A wild shot: You may have spurious commas in the explanatory
****         text of a declaration. Check symbol reference list.

**** 10 ERROR(S)   0 WARNING(S)


COMPILATION TIME     =        0.007 SECONDS      2 MB  40.3.0 f227c22a LEX-LEG


USER: Course License                                 S220923|0002AO-GEN
      Stiftung Uni Hildesheim, Betriebswirtschaft WirtschaftsinfDCE2400
      License for teaching and research at degree granting institutions


**** FILE SUMMARY

Input      /home/norman/Schreibtisch/GAMS/GamsJava/models/Transport.gms
Output     /home/norman/Schreibtisch/GAMS/GamsJava/models/Transport.lst

**** USER ERROR(S) ENCOUNTERED
